Fusion 2705.1.15, design humanoid_2.1_latest, root humanoid_2.1_latest
wrote D:/Duke_Humanoid_V2_OpenSource/cad\humanoid_2.1_latest_2026-09-19_1646\tree.csv (629 components)
allJoints unreadable
allAsBuiltJoints unreadable
wrote joints.csv (0 joints)
whole-robot STEP: ok
Fusion archive: ok
STEP CNC_body01_x1_bottom_plate: ok
STL CNC_body01_x1_bottom_plate: ok
STEP CNC_body02_x2_side_plate: ok
STL CNC_body02_x2_side_plate: ok
STEP CNC_body03_x1_top_plate: ok
STL CNC_body03_x1_top_plate: ok
STEP MINISFORUM_AI_X1: ok
STL MINISFORUM_AI_X1: ok
STEP battery_zeee_10000mah: ok
STL battery_zeee_10000mah: ok
STEP battery_tester: ok
STL battery_tester: ok
STEP 150A_relay: ok
STL 150A_relay: ok
STEP casing: ok
STL casing: ok
STEP block: ok
STL block: ok
STEP VEMONT_USB-C_Hub_Long: ok
STL VEMONT_USB-C_Hub_Long: ok
STEP Hub: ok
STL Hub: ok
STEP USB_Straight: ok
STL USB_Straight: ok
STEP USB-C_Cable: ok
STL USB-C_Cable: ok
STEP CAN_Isolated: ok
STL CAN_Isolated: ok
STEP lumped_wires: ok
STL lumped_wires: ok
STEP Component1: ok
STL Component1: ok
STEP Component2: ok
STL Component2: ok
STEP 3DP_body_05_x1_interior_plate: ok
STL 3DP_body_05_x1_interior_plate: ok
STEP CNC_body04_x4_front_plate: ok
STL CNC_body04_x4_front_plate: ok
STEP 3DP_body_06_x1_front_plate_fixed: ok
STL 3DP_body_06_x1_front_plate_fixed: ok
STEP Small_Wires_Midplate_Rough: ok
STL Small_Wires_Midplate_Rough: ok
STEP magnet_1_2inD_1_16inT: ok
STL magnet_1_2inD_1_16inT: ok
STEP 3DP_body_07_x1_front_plate_removable: ok
STL 3DP_body_07_x1_front_plate_removable: ok
STEP 3DP_body_08_x1_back_plate_fixed: ok
STL 3DP_body_08_x1_back_plate_fixed: ok
STEP 3DP_body_09_x1_back_plate_removable: ok
STL 3DP_body_09_x1_back_plate_removable: ok
STEP half-bearing-45x58x7_6809_5.4kN_40g: ok
STL half-bearing-45x58x7_6809_5.4kN_40g: ok
STEP Hexalobular_Socket_Pan_Head_Screw_ISO_14583_-_M3x10_Steel_4.6_Plain: ok
STL Hexalobular_Socket_Pan_Head_Screw_ISO_14583_-_M3x10_Steel_4.6_Plain: ok
STEP schematics: ok
STL schematics: EXCEPTION FileNotFoundError: [Errno 2] No such file or directory: 'C:\\Users\\river\\AppData\\Local\\Temp\\tmp9okerf3c\\0.stl'
STEP 1_1_06_EB463-507_FL46BLW10-48V-5N.m-DE_2__FL46BLW10-48V-5N.m-DE_2: ok
STL 1_1_06_EB463-507_FL46BLW10-48V-5N.m-DE_2__FL46BLW10-48V-5N.m-DE_2: ok
STEP 1_1_02_EB461-502_FL46BLW10-48V-5N.m-DE_2__FL46BLW10-48V-5N.m-DE_2: ok
STL 1_1_02_EB461-502_FL46BLW10-48V-5N.m-DE_2__FL46BLW10-48V-5N.m-DE_2: ok
STEP 1_2_05_000438_FL46BLW10-48V-5N.m-DE_2__FL46BLW10-48V-5N.m-DE_2: ok
STL 1_2_05_000438_FL46BLW10-48V-5N.m-DE_2__FL46BLW10-48V-5N.m-DE_2: ok
STEP 1_2_16_001425_FL46BLW10-48V-5N.m-DE_2__FL46BLW10-48V-5N.m-DE_2: ok
STL 1_2_16_001425_FL46BLW10-48V-5N.m-DE_2__FL46BLW10-48V-5N.m-DE_2: ok
STEP 1_1_06_EB463-509_FL46BLW10-48V-5N.m-DE_2__FL46BLW10-48V-5N.m-DE_2: ok
STL 1_1_06_EB463-509_FL46BLW10-48V-5N.m-DE_2__FL46BLW10-48V-5N.m-DE_2: ok
STEP 1_2_05_020051_FL46BLW10-48V-5N.m-DE_2__FL46BLW10-48V-5N.m-DE_2: ok
STL 1_2_05_020051_FL46BLW10-48V-5N.m-DE_2__FL46BLW10-48V-5N.m-DE_2: ok
STEP 1_2_05_000608_FL46BLW10-48V-5N.m-DE_2__FL46BLW10-48V-5N.m-DE_2: ok
STL 1_2_05_000608_FL46BLW10-48V-5N.m-DE_2__FL46BLW10-48V-5N.m-DE_2: ok
STEP 1_1_31_EB463-510_FL46BLW10-48V-5N.m-DE_2__FL46BLW10-48V-5N.m-DE_2: ok
STL 1_1_31_EB463-510_FL46BLW10-48V-5N.m-DE_2__FL46BLW10-48V-5N.m-DE_2: ok
STEP 1_2_05_000555_FL46BLW10-48V-5N.m-DE_2__FL46BLW10-48V-5N.m-DE_2: ok
STL 1_2_05_000555_FL46BLW10-48V-5N.m-DE_2__FL46BLW10-48V-5N.m-DE_2: ok
STEP 1_21_121000022__610001_1_1_00MINI-000_ASM_1_ASM_1_ASM_00MINI-_20250103_A0001_ASM_1_AS_ASM_1_1_30_GR-2202_ASM_1_ASM_1_1_30_GR-2202_ASM_FL46BLW10-48V-5N.m-DE_2__FL46BLW10-48V-5N.m-DE_2: ok
STL 1_21_121000022__610001_1_1_00MINI-000_ASM_1_ASM_1_ASM_00MINI-_20250103_A0001_ASM_1_AS_ASM_1_1_30_GR-2202_ASM_1_ASM_1_1_30_GR-2202_ASM_FL46BLW10-48V-5N.m-DE_2__FL46BLW10-48V-5N.m-DE_2: EXCEPTION FileNotFoundError: [Errno 2] No such file or directory: 'D:/Duke_Humanoid_V2_OpenSource/cad\\humanoid_2.1_latest_2026-09-19_1646\\print\\1_21_121000022__610001_1_1_00MINI-000_ASM_1_ASM_1_ASM_00MINI-_20250103_A0001_ASM_1_AS_ASM_1_1_30_GR-2202_ASM_1_ASM_1_1_30_GR-2202_ASM_FL46BLW10-48V-5N.m-DE_2__FL46BLW10-48V-5N.m-DE_2.stl'
STEP 0001755650_00MINI-000_ASM_1_ASM_1_ASM_00MINI-_20250103_A0001_ASM_1_AS_ASM_1_1_30_GR-2202_ASM_1_ASM_1_1_30_GR-2202_ASM_FL46BLW10-48V-5N.m-DE_2__FL46BLW10-48V-5N.m-DE_2: ok
STL 0001755650_00MINI-000_ASM_1_ASM_1_ASM_00MINI-_20250103_A0001_ASM_1_AS_ASM_1_1_30_GR-2202_ASM_1_ASM_1_1_30_GR-2202_ASM_FL46BLW10-48V-5N.m-DE_2__FL46BLW10-48V-5N.m-DE_2: ok
STEP 0001755652_00MINI-000_ASM_1_ASM_1_ASM_00MINI-_20250103_A0001_ASM_1_AS_ASM_1_1_30_GR-2202_ASM_1_ASM_1_1_30_GR-2202_ASM_FL46BLW10-48V-5N.m-DE_2__FL46BLW10-48V-5N.m-DE_2: ok
STL 0001755652_00MINI-000_ASM_1_ASM_1_ASM_00MINI-_20250103_A0001_ASM_1_AS_ASM_1_1_30_GR-2202_ASM_1_ASM_1_1_30_GR-2202_ASM_FL46BLW10-48V-5N.m-DE_2__FL46BLW10-48V-5N.m-DE_2: ok
STEP 6706__300001_1_1_00MINI-000_ASM_1_ASM_1_ASM_00MINI-_20250103_A0001_ASM_1_AS_ASM_1_1_30_GR-2202_ASM_1_ASM_1_1_30_GR-2202_ASM_FL46BLW10-48V-5N.m-DE_2__FL46BLW10-48V-5N.m-DE_2: ok
STL 6706__300001_1_1_00MINI-000_ASM_1_ASM_1_ASM_00MINI-_20250103_A0001_ASM_1_AS_ASM_1_1_30_GR-2202_ASM_1_ASM_1_1_30_GR-2202_ASM_FL46BLW10-48V-5N.m-DE_2__FL46BLW10-48V-5N.m-DE_2: ok
STEP 0001755652_1_1_30_GR-2202_ASM_1_ASM_1_1_30_GR-2202_ASM_FL46BLW10-48V-5N.m-DE_2__FL46BLW10-48V-5N.m-DE_2: ok
STL 0001755652_1_1_30_GR-2202_ASM_1_ASM_1_1_30_GR-2202_ASM_FL46BLW10-48V-5N.m-DE_2__FL46BLW10-48V-5N.m-DE_2: ok
STEP Component80: ok
STL Component80: ok
STEP gimbal_neck: ok
STL gimbal_neck: ok
STEP gimbal_mount: ok
STL gimbal_mount: ok
STEP 1_1_06_EB463-507_FL46BLW10-48V-5N.m-DE_2__FL46BLW10-48V-5N.m-DE_1: ok
STL 1_1_06_EB463-507_FL46BLW10-48V-5N.m-DE_2__FL46BLW10-48V-5N.m-DE_1: ok
STEP 1_1_02_EB461-502_FL46BLW10-48V-5N.m-DE_2__FL46BLW10-48V-5N.m-DE_1: ok
STL 1_1_02_EB461-502_FL46BLW10-48V-5N.m-DE_2__FL46BLW10-48V-5N.m-DE_1: ok
STEP 1_2_05_000438_FL46BLW10-48V-5N.m-DE_2__FL46BLW10-48V-5N.m-DE_1: ok
STL 1_2_05_000438_FL46BLW10-48V-5N.m-DE_2__FL46BLW10-48V-5N.m-DE_1: ok
STEP 1_2_16_001425_FL46BLW10-48V-5N.m-DE_2__FL46BLW10-48V-5N.m-DE_1: ok
STL 1_2_16_001425_FL46BLW10-48V-5N.m-DE_2__FL46BLW10-48V-5N.m-DE_1: ok
STEP 1_1_06_EB463-509_FL46BLW10-48V-5N.m-DE_2__FL46BLW10-48V-5N.m-DE_1: ok
STL 1_1_06_EB463-509_FL46BLW10-48V-5N.m-DE_2__FL46BLW10-48V-5N.m-DE_1: ok
STEP 1_2_05_020051_FL46BLW10-48V-5N.m-DE_2__FL46BLW10-48V-5N.m-DE_1: ok
STL 1_2_05_020051_FL46BLW10-48V-5N.m-DE_2__FL46BLW10-48V-5N.m-DE_1: ok
STEP 1_2_05_000608_FL46BLW10-48V-5N.m-DE_2__FL46BLW10-48V-5N.m-DE_1: ok
STL 1_2_05_000608_FL46BLW10-48V-5N.m-DE_2__FL46BLW10-48V-5N.m-DE_1: ok
STEP 1_1_31_EB463-510_FL46BLW10-48V-5N.m-DE_2__FL46BLW10-48V-5N.m-DE_1: ok
STL 1_1_31_EB463-510_FL46BLW10-48V-5N.m-DE_2__FL46BLW10-48V-5N.m-DE_1: ok
STEP 1_2_05_000555_FL46BLW10-48V-5N.m-DE_2__FL46BLW10-48V-5N.m-DE_1: ok
STL 1_2_05_000555_FL46BLW10-48V-5N.m-DE_2__FL46BLW10-48V-5N.m-DE_1: ok
STEP 1_21_121000022__610001_1_1_00MINI-000_ASM_1_ASM_1_ASM_00MINI-_20250103_A0001_ASM_1_AS_ASM_1_1_30_GR-2202_ASM_1_ASM_1_1_30_GR-2202_ASM_FL46BLW10-48V-5N.m-DE_2__FL46BLW10-48V-5N.m-DE_1: ok
STL 1_21_121000022__610001_1_1_00MINI-000_ASM_1_ASM_1_ASM_00MINI-_20250103_A0001_ASM_1_AS_ASM_1_1_30_GR-2202_ASM_1_ASM_1_1_30_GR-2202_ASM_FL46BLW10-48V-5N.m-DE_2__FL46BLW10-48V-5N.m-DE_1: EXCEPTION FileNotFoundError: [Errno 2] No such file or directory: 'D:/Duke_Humanoid_V2_OpenSource/cad\\humanoid_2.1_latest_2026-09-19_1646\\print\\1_21_121000022__610001_1_1_00MINI-000_ASM_1_ASM_1_ASM_00MINI-_20250103_A0001_ASM_1_AS_ASM_1_1_30_GR-2202_ASM_1_ASM_1_1_30_GR-2202_ASM_FL46BLW10-48V-5N.m-DE_2__FL46BLW10-48V-5N.m-DE_1.stl'
STEP 0001755650_00MINI-000_ASM_1_ASM_1_ASM_00MINI-_20250103_A0001_ASM_1_AS_ASM_1_1_30_GR-2202_ASM_1_ASM_1_1_30_GR-2202_ASM_FL46BLW10-48V-5N.m-DE_2__FL46BLW10-48V-5N.m-DE_1: ok
STL 0001755650_00MINI-000_ASM_1_ASM_1_ASM_00MINI-_20250103_A0001_ASM_1_AS_ASM_1_1_30_GR-2202_ASM_1_ASM_1_1_30_GR-2202_ASM_FL46BLW10-48V-5N.m-DE_2__FL46BLW10-48V-5N.m-DE_1: ok
STEP 0001755652_00MINI-000_ASM_1_ASM_1_ASM_00MINI-_20250103_A0001_ASM_1_AS_ASM_1_1_30_GR-2202_ASM_1_ASM_1_1_30_GR-2202_ASM_FL46BLW10-48V-5N.m-DE_2__FL46BLW10-48V-5N.m-DE_1: ok
STL 0001755652_00MINI-000_ASM_1_ASM_1_ASM_00MINI-_20250103_A0001_ASM_1_AS_ASM_1_1_30_GR-2202_ASM_1_ASM_1_1_30_GR-2202_ASM_FL46BLW10-48V-5N.m-DE_2__FL46BLW10-48V-5N.m-DE_1: ok
STEP 6706__300001_1_1_00MINI-000_ASM_1_ASM_1_ASM_00MINI-_20250103_A0001_ASM_1_AS_ASM_1_1_30_GR-2202_ASM_1_ASM_1_1_30_GR-2202_ASM_FL46BLW10-48V-5N.m-DE_2__FL46BLW10-48V-5N.m-DE_1: ok
STL 6706__300001_1_1_00MINI-000_ASM_1_ASM_1_ASM_00MINI-_20250103_A0001_ASM_1_AS_ASM_1_1_30_GR-2202_ASM_1_ASM_1_1_30_GR-2202_ASM_FL46BLW10-48V-5N.m-DE_2__FL46BLW10-48V-5N.m-DE_1: ok
STEP 0001755652_1_1_30_GR-2202_ASM_1_ASM_1_1_30_GR-2202_ASM_FL46BLW10-48V-5N.m-DE_2__FL46BLW10-48V-5N.m-DE_1: ok
STL 0001755652_1_1_30_GR-2202_ASM_1_ASM_1_1_30_GR-2202_ASM_FL46BLW10-48V-5N.m-DE_2__FL46BLW10-48V-5N.m-DE_1: ok
STEP Component59: ok
STL Component59: ok
STEP Component31: ok
STL Component31: ok
STEP Component32: ok
STL Component32: ok
STEP Component33: ok
STL Component33: ok
STEP Component34: ok
STL Component34: ok
STEP Component35: ok
STL Component35: ok
STEP Component36: ok
STL Component36: ok
STEP Component37: ok
STL Component37: ok
STEP glass: ok
STL glass: ok
STEP IntelRealsense_D435_Multibody: ok
STL IntelRealsense_D435_Multibody: EXCEPTION FileNotFoundError: [Errno 2] No such file or directory: 'C:\\Users\\river\\AppData\\Local\\Temp\\tmpdjox643s\\0.stl'
STEP Component92: ok
STL Component92: ok
STEP gimbal_arm: ok
STL gimbal_arm: ok
STEP U-joint_type_C_adapter: ok
STL U-joint_type_C_adapter: ok
STEP bearing: ok
STL bearing: ok
STEP schematics_1: ok
STL schematics_1: EXCEPTION FileNotFoundError: [Errno 2] No such file or directory: 'C:\\Users\\river\\AppData\\Local\\Temp\\tmpheaj0xyz\\0.stl'
STEP 1_1_06_EB463-507_FL46BLW10-48V-5N.m-DE_2__FL46BLW10-48V-5N.m-DE_2_1: ok
STL 1_1_06_EB463-507_FL46BLW10-48V-5N.m-DE_2__FL46BLW10-48V-5N.m-DE_2_1: ok
STEP 1_1_02_EB461-502_FL46BLW10-48V-5N.m-DE_2__FL46BLW10-48V-5N.m-DE_2_1: ok
STL 1_1_02_EB461-502_FL46BLW10-48V-5N.m-DE_2__FL46BLW10-48V-5N.m-DE_2_1: ok
STEP 1_2_05_000438_FL46BLW10-48V-5N.m-DE_2__FL46BLW10-48V-5N.m-DE_2_1: ok
STL 1_2_05_000438_FL46BLW10-48V-5N.m-DE_2__FL46BLW10-48V-5N.m-DE_2_1: ok
STEP 1_2_16_001425_FL46BLW10-48V-5N.m-DE_2__FL46BLW10-48V-5N.m-DE_2_1: ok
STL 1_2_16_001425_FL46BLW10-48V-5N.m-DE_2__FL46BLW10-48V-5N.m-DE_2_1: ok
STEP 1_1_06_EB463-509_FL46BLW10-48V-5N.m-DE_2__FL46BLW10-48V-5N.m-DE_2_1: ok
STL 1_1_06_EB463-509_FL46BLW10-48V-5N.m-DE_2__FL46BLW10-48V-5N.m-DE_2_1: ok
STEP 1_2_05_020051_FL46BLW10-48V-5N.m-DE_2__FL46BLW10-48V-5N.m-DE_2_1: ok
STL 1_2_05_020051_FL46BLW10-48V-5N.m-DE_2__FL46BLW10-48V-5N.m-DE_2_1: ok
STEP 1_2_05_000608_FL46BLW10-48V-5N.m-DE_2__FL46BLW10-48V-5N.m-DE_2_1: ok
STL 1_2_05_000608_FL46BLW10-48V-5N.m-DE_2__FL46BLW10-48V-5N.m-DE_2_1: ok
STEP 1_1_31_EB463-510_FL46BLW10-48V-5N.m-DE_2__FL46BLW10-48V-5N.m-DE_2_1: ok
STL 1_1_31_EB463-510_FL46BLW10-48V-5N.m-DE_2__FL46BLW10-48V-5N.m-DE_2_1: ok
STEP 1_2_05_000555_FL46BLW10-48V-5N.m-DE_2__FL46BLW10-48V-5N.m-DE_2_1: ok
STL 1_2_05_000555_FL46BLW10-48V-5N.m-DE_2__FL46BLW10-48V-5N.m-DE_2_1: ok
STEP 1_21_121000022__610001_1_1_00MINI-000_ASM_1_ASM_1_ASM_00MINI-_20250103_A0001_ASM_1_AS_ASM_1_1_30_GR-2202_ASM_1_ASM_1_1_30_GR-2202_ASM_FL46BLW10-48V-5N.m-DE_2__FL46BLW10-48V-5N.m-DE_2_1: ok
STL 1_21_121000022__610001_1_1_00MINI-000_ASM_1_ASM_1_ASM_00MINI-_20250103_A0001_ASM_1_AS_ASM_1_1_30_GR-2202_ASM_1_ASM_1_1_30_GR-2202_ASM_FL46BLW10-48V-5N.m-DE_2__FL46BLW10-48V-5N.m-DE_2_1: EXCEPTION FileNotFoundError: [Errno 2] No such file or directory: 'D:/Duke_Humanoid_V2_OpenSource/cad\\humanoid_2.1_latest_2026-09-19_1646\\print\\1_21_121000022__610001_1_1_00MINI-000_ASM_1_ASM_1_ASM_00MINI-_20250103_A0001_ASM_1_AS_ASM_1_1_30_GR-2202_ASM_1_ASM_1_1_30_GR-2202_ASM_FL46BLW10-48V-5N.m-DE_2__FL46BLW10-48V-5N.m-DE_2_1.stl'
STEP 0001755650_00MINI-000_ASM_1_ASM_1_ASM_00MINI-_20250103_A0001_ASM_1_AS_ASM_1_1_30_GR-2202_ASM_1_ASM_1_1_30_GR-2202_ASM_FL46BLW10-48V-5N.m-DE_2__FL46BLW10-48V-5N.m-DE_2_1: ok
STL 0001755650_00MINI-000_ASM_1_ASM_1_ASM_00MINI-_20250103_A0001_ASM_1_AS_ASM_1_1_30_GR-2202_ASM_1_ASM_1_1_30_GR-2202_ASM_FL46BLW10-48V-5N.m-DE_2__FL46BLW10-48V-5N.m-DE_2_1: ok
STEP 0001755652_00MINI-000_ASM_1_ASM_1_ASM_00MINI-_20250103_A0001_ASM_1_AS_ASM_1_1_30_GR-2202_ASM_1_ASM_1_1_30_GR-2202_ASM_FL46BLW10-48V-5N.m-DE_2__FL46BLW10-48V-5N.m-DE_2_1: ok
STL 0001755652_00MINI-000_ASM_1_ASM_1_ASM_00MINI-_20250103_A0001_ASM_1_AS_ASM_1_1_30_GR-2202_ASM_1_ASM_1_1_30_GR-2202_ASM_FL46BLW10-48V-5N.m-DE_2__FL46BLW10-48V-5N.m-DE_2_1: ok
STEP 6706__300001_1_1_00MINI-000_ASM_1_ASM_1_ASM_00MINI-_20250103_A0001_ASM_1_AS_ASM_1_1_30_GR-2202_ASM_1_ASM_1_1_30_GR-2202_ASM_FL46BLW10-48V-5N.m-DE_2__FL46BLW10-48V-5N.m-DE_2_1: ok
STL 6706__300001_1_1_00MINI-000_ASM_1_ASM_1_ASM_00MINI-_20250103_A0001_ASM_1_AS_ASM_1_1_30_GR-2202_ASM_1_ASM_1_1_30_GR-2202_ASM_FL46BLW10-48V-5N.m-DE_2__FL46BLW10-48V-5N.m-DE_2_1: ok
STEP 0001755652_1_1_30_GR-2202_ASM_1_ASM_1_1_30_GR-2202_ASM_FL46BLW10-48V-5N.m-DE_2__FL46BLW10-48V-5N.m-DE_2_1: ok
STL 0001755652_1_1_30_GR-2202_ASM_1_ASM_1_1_30_GR-2202_ASM_FL46BLW10-48V-5N.m-DE_2__FL46BLW10-48V-5N.m-DE_2_1: ok
STEP Component80_1: ok
STL Component80_1: ok
STEP gimbal_neck_1: ok
STL gimbal_neck_1: ok
STEP gimbal_mount_1: ok
STL gimbal_mount_1: ok
STEP 1_1_06_EB463-507_FL46BLW10-48V-5N.m-DE_2__FL46BLW10-48V-5N.m-DE_1_1: ok
STL 1_1_06_EB463-507_FL46BLW10-48V-5N.m-DE_2__FL46BLW10-48V-5N.m-DE_1_1: ok
STEP 1_1_02_EB461-502_FL46BLW10-48V-5N.m-DE_2__FL46BLW10-48V-5N.m-DE_1_1: ok
STL 1_1_02_EB461-502_FL46BLW10-48V-5N.m-DE_2__FL46BLW10-48V-5N.m-DE_1_1: ok
STEP 1_2_05_000438_FL46BLW10-48V-5N.m-DE_2__FL46BLW10-48V-5N.m-DE_1_1: ok
STL 1_2_05_000438_FL46BLW10-48V-5N.m-DE_2__FL46BLW10-48V-5N.m-DE_1_1: ok
STEP 1_2_16_001425_FL46BLW10-48V-5N.m-DE_2__FL46BLW10-48V-5N.m-DE_1_1: ok
STL 1_2_16_001425_FL46BLW10-48V-5N.m-DE_2__FL46BLW10-48V-5N.m-DE_1_1: ok
STEP 1_1_06_EB463-509_FL46BLW10-48V-5N.m-DE_2__FL46BLW10-48V-5N.m-DE_1_1: ok
STL 1_1_06_EB463-509_FL46BLW10-48V-5N.m-DE_2__FL46BLW10-48V-5N.m-DE_1_1: ok
STEP 1_2_05_020051_FL46BLW10-48V-5N.m-DE_2__FL46BLW10-48V-5N.m-DE_1_1: ok
STL 1_2_05_020051_FL46BLW10-48V-5N.m-DE_2__FL46BLW10-48V-5N.m-DE_1_1: ok
STEP 1_2_05_000608_FL46BLW10-48V-5N.m-DE_2__FL46BLW10-48V-5N.m-DE_1_1: ok
STL 1_2_05_000608_FL46BLW10-48V-5N.m-DE_2__FL46BLW10-48V-5N.m-DE_1_1: ok
STEP 1_1_31_EB463-510_FL46BLW10-48V-5N.m-DE_2__FL46BLW10-48V-5N.m-DE_1_1: ok
STL 1_1_31_EB463-510_FL46BLW10-48V-5N.m-DE_2__FL46BLW10-48V-5N.m-DE_1_1: ok
STEP 1_2_05_000555_FL46BLW10-48V-5N.m-DE_2__FL46BLW10-48V-5N.m-DE_1_1: ok
STL 1_2_05_000555_FL46BLW10-48V-5N.m-DE_2__FL46BLW10-48V-5N.m-DE_1_1: ok
STEP 1_21_121000022__610001_1_1_00MINI-000_ASM_1_ASM_1_ASM_00MINI-_20250103_A0001_ASM_1_AS_ASM_1_1_30_GR-2202_ASM_1_ASM_1_1_30_GR-2202_ASM_FL46BLW10-48V-5N.m-DE_2__FL46BLW10-48V-5N.m-DE_1_1: ok
STL 1_21_121000022__610001_1_1_00MINI-000_ASM_1_ASM_1_ASM_00MINI-_20250103_A0001_ASM_1_AS_ASM_1_1_30_GR-2202_ASM_1_ASM_1_1_30_GR-2202_ASM_FL46BLW10-48V-5N.m-DE_2__FL46BLW10-48V-5N.m-DE_1_1: EXCEPTION FileNotFoundError: [Errno 2] No such file or directory: 'D:/Duke_Humanoid_V2_OpenSource/cad\\humanoid_2.1_latest_2026-09-19_1646\\print\\1_21_121000022__610001_1_1_00MINI-000_ASM_1_ASM_1_ASM_00MINI-_20250103_A0001_ASM_1_AS_ASM_1_1_30_GR-2202_ASM_1_ASM_1_1_30_GR-2202_ASM_FL46BLW10-48V-5N.m-DE_2__FL46BLW10-48V-5N.m-DE_1_1.stl'
STEP 0001755650_00MINI-000_ASM_1_ASM_1_ASM_00MINI-_20250103_A0001_ASM_1_AS_ASM_1_1_30_GR-2202_ASM_1_ASM_1_1_30_GR-2202_ASM_FL46BLW10-48V-5N.m-DE_2__FL46BLW10-48V-5N.m-DE_1_1: ok
STL 0001755650_00MINI-000_ASM_1_ASM_1_ASM_00MINI-_20250103_A0001_ASM_1_AS_ASM_1_1_30_GR-2202_ASM_1_ASM_1_1_30_GR-2202_ASM_FL46BLW10-48V-5N.m-DE_2__FL46BLW10-48V-5N.m-DE_1_1: ok
STEP 0001755652_00MINI-000_ASM_1_ASM_1_ASM_00MINI-_20250103_A0001_ASM_1_AS_ASM_1_1_30_GR-2202_ASM_1_ASM_1_1_30_GR-2202_ASM_FL46BLW10-48V-5N.m-DE_2__FL46BLW10-48V-5N.m-DE_1_1: ok
STL 0001755652_00MINI-000_ASM_1_ASM_1_ASM_00MINI-_20250103_A0001_ASM_1_AS_ASM_1_1_30_GR-2202_ASM_1_ASM_1_1_30_GR-2202_ASM_FL46BLW10-48V-5N.m-DE_2__FL46BLW10-48V-5N.m-DE_1_1: ok
STEP 6706__300001_1_1_00MINI-000_ASM_1_ASM_1_ASM_00MINI-_20250103_A0001_ASM_1_AS_ASM_1_1_30_GR-2202_ASM_1_ASM_1_1_30_GR-2202_ASM_FL46BLW10-48V-5N.m-DE_2__FL46BLW10-48V-5N.m-DE_1_1: ok
STL 6706__300001_1_1_00MINI-000_ASM_1_ASM_1_ASM_00MINI-_20250103_A0001_ASM_1_AS_ASM_1_1_30_GR-2202_ASM_1_ASM_1_1_30_GR-2202_ASM_FL46BLW10-48V-5N.m-DE_2__FL46BLW10-48V-5N.m-DE_1_1: ok
STEP 0001755652_1_1_30_GR-2202_ASM_1_ASM_1_1_30_GR-2202_ASM_FL46BLW10-48V-5N.m-DE_2__FL46BLW10-48V-5N.m-DE_1_1: ok
STL 0001755652_1_1_30_GR-2202_ASM_1_ASM_1_1_30_GR-2202_ASM_FL46BLW10-48V-5N.m-DE_2__FL46BLW10-48V-5N.m-DE_1_1: ok
STEP Component59_1: ok
STL Component59_1: ok
STEP Component31_1: ok
STL Component31_1: ok
STEP Component32_1: ok
STL Component32_1: ok
STEP Component33_1: ok
STL Component33_1: ok
STEP Component34_1: ok
STL Component34_1: ok
STEP Component35_1: ok
STL Component35_1: ok
STEP Component36_1: ok
STL Component36_1: ok
STEP Component37_1: ok
STL Component37_1: ok
STEP glass_1: ok
STL glass_1: ok
STEP IntelRealsense_D435_Multibody_v9_1: ok
STL IntelRealsense_D435_Multibody_v9_1: EXCEPTION FileNotFoundError: [Errno 2] No such file or directory: 'C:\\Users\\river\\AppData\\Local\\Temp\\tmp5jwvgw8z\\0.stl'
STEP Component92_1: ok
STL Component92_1: ok
STEP gimbal_arm_1: ok
STL gimbal_arm_1: ok
STEP U-joint_type_C_adapter_v3_1: ok
STL U-joint_type_C_adapter_v3_1: ok
STEP bearing_1: ok
STL bearing_1: ok
STEP 1_1_06_EB903-537_1_1: ok
STL 1_1_06_EB903-537_1_1: ok
STEP 1_2_04_680902_1_1: ok
STL 1_2_04_680902_1_1: ok
STEP 1_2_04_635000_1_1: ok
STL 1_2_04_635000_1_1: ok
STEP 1_3_03_000357_1_1: ok
STL 1_3_03_000357_1_1: ok
STEP 1_1_02_EB901-547_1_rotor: ok
STL 1_1_02_EB901-547_1_rotor: ok
STEP 1_2_06_000004_AF0_1_1: ok
STL 1_2_06_000004_AF0_1_1: ok
STEP 1_1_31_QT-942_1: ok
STL 1_1_31_QT-942_1: ok
STEP 1_2_05_130001_1_1: ok
STL 1_2_05_130001_1_1: ok
STEP PBC: ok
STL PBC: ok
STEP CORE: ok
STL CORE: ok
STEP CNC_leg02_x7_RS03_shaft_coupler: ok
STL CNC_leg02_x7_RS03_shaft_coupler: ok
STEP CNC_leg01_x2_hip_center_back: ok
STL CNC_leg01_x2_hip_center_back: ok
STEP CNC_leg03_x5_RS03_shaft_bearing_retainer: ok
STL CNC_leg03_x5_RS03_shaft_bearing_retainer: ok
STEP CNC_leg04_x2_hip_roll_front_bearing_retainer: ok
STL CNC_leg04_x2_hip_roll_front_bearing_retainer: ok
STEP CNC_leg05_x2_hip_roll_back_bearing_retainer: ok
STL CNC_leg05_x2_hip_roll_back_bearing_retainer: ok
STEP CNC_leg06_x2_hip_roll_output_shaft: ok
STL CNC_leg06_x2_hip_roll_output_shaft: ok
STEP CNC_leg07_x2_hip_roll_support_shaft: ok
STL CNC_leg07_x2_hip_roll_support_shaft: ok
STEP CNC_leg13_x2_ankle_pitch_front: ok
STL CNC_leg13_x2_ankle_pitch_front: ok
STEP CNC_leg14_x2_ankle_pitch_back: ok
STL CNC_leg14_x2_ankle_pitch_back: ok
STEP R06-ROTOR: ok
STL R06-ROTOR: ok
STEP 1_1_06_EB823-507_AF0_1_1_06_EB823-509_ASM_FL82BLW33-48V-35N.m_1__FL82BLW33-48V-35N.m_1_.STEP: ok
STL 1_1_06_EB823-507_AF0_1_1_06_EB823-509_ASM_FL82BLW33-48V-35N.m_1__FL82BLW33-48V-35N.m_1_.STEP: ok
STEP 1_1_31_QT-1040_FL82BLW33-48V-35N.m_1__FL82BLW33-48V-35N.m_1_.STEP: ok
STL 1_1_31_QT-1040_FL82BLW33-48V-35N.m_1__FL82BLW33-48V-35N.m_1_.STEP: ok
STEP weight: ok
STL weight: ok
STEP half-bearing_35x44x5_6707_1.6kN_15g: ok
STL half-bearing_35x44x5_6707_1.6kN_15g: ok
STEP CNC_leg15_x2_RS06_shaft_bearing_retainer: ok
STL CNC_leg15_x2_RS06_shaft_bearing_retainer: ok
STEP CNC_leg16_x2_ankle_roll_output_shaft: ok
STL CNC_leg16_x2_ankle_roll_output_shaft: ok
STEP CNC_leg17_x2_ankle_roll_support_shaft: ok
STL CNC_leg17_x2_ankle_roll_support_shaft: ok
STEP symmetric_sole: ok
STL symmetric_sole: ok
STEP CNC_leg18_x2_foot_plate: ok
STL CNC_leg18_x2_foot_plate: ok
STEP CNC_leg10_x2_lower_leg_output_shank: ok
STL CNC_leg10_x2_lower_leg_output_shank: ok
STEP CNC_leg11_x2_lower_leg_support_shank: ok
STL CNC_leg11_x2_lower_leg_support_shank: ok
STEP CNC_leg12_x4_lower_leg_bearing_cap: ok
STL CNC_leg12_x4_lower_leg_bearing_cap: ok
STEP CNC_leg12_x4_lower_leg_bearing_cap_1: ok
STL CNC_leg12_x4_lower_leg_bearing_cap_1: ok
STEP 1_21_121000046___61810_50__1_1: ok
STL 1_21_121000046___61810_50__1_1: ok
STEP 1_21_121000047___7_1_1_1: ok
STL 1_21_121000047___7_1_1_1: ok
STEP PIS72-D6X_1_1_1: ok
STL PIS72-D6X_1_1_1: ok
STEP D19_1_1_1: ok
STL D19_1_1_1: ok
STEP ROTOR: ok
STL ROTOR: ok
STEP ZYDQHJ_1_1_1: ok
STL ZYDQHJ_1_1_1: ok
STEP 1_1_02_EB1201-501_1_1_1: ok
STL 1_1_02_EB1201-501_1_1_1: ok
STEP 1_1_06_EB1203-503_1_1_1: ok
STL 1_1_06_EB1203-503_1_1_1: ok
STEP 1_2_05_025121_1_1_1: ok
STL 1_2_05_025121_1_1_1: ok
STEP 1_2_05_025081_1_1_1: ok
STL 1_2_05_025081_1_1_1: ok
STEP 1_2_04_618030_1_1_1: ok
STL 1_2_04_618030_1_1_1: ok
STEP 1_2_04_694000_1_1_1: ok
STL 1_2_04_694000_1_1_1: ok
STEP 1_1_31_EB1203-505_1_1_1: ok
STL 1_1_31_EB1203-505_1_1_1: ok
STEP 1_2_05_000438_1_1_1: ok
STL 1_2_05_000438_1_1_1: ok
STEP 1_2_05_QT-104_1_1_1: ok
STL 1_2_05_QT-104_1_1_1: ok
STEP DIANJIBAN-2_SW0001_1_1_2_1: ok
STL DIANJIBAN-2_SW0001_1_1_2_1: ok
STEP 1_2_05_030050_1_1_1: ok
STL 1_2_05_030050_1_1_1: ok
STEP SR_1__1: ok
STL SR_1__1: ok
STEP Component26: ok
STL Component26: ok
STEP CNC_leg02_x7_RS03_shaft_coupler~2: ok
STL CNC_leg02_x7_RS03_shaft_coupler~2: ok
STEP CNC_leg08_x2_knee_front_bearing_retainer: ok
STL CNC_leg08_x2_knee_front_bearing_retainer: ok
STEP CNC_leg09_x8_knee_back: ok
STL CNC_leg09_x8_knee_back: ok
STEP CNC_leg03_x4_RS03_shaft_bearing_retainer: ok
STL CNC_leg03_x4_RS03_shaft_bearing_retainer: ok
STEP 1_2_05_140095_1_1: ok
STL 1_2_05_140095_1_1: ok
STEP 1_2_05_020108_1_1: ok
STL 1_2_05_020108_1_1: ok
STEP BACK_COVER1_1_06_EB903-538_1: ok
STL BACK_COVER1_1_06_EB903-538_1: ok
STEP half-bearing_35x47x7_6807_4.0kN_29g: ok
STL half-bearing_35x47x7_6807_4.0kN_29g: EXCEPTION FileNotFoundError: [Errno 2] No such file or directory: 'C:\\Users\\river\\AppData\\Local\\Temp\\tmpycp0y_kl\\2.stl'
STEP half-bearing_50x65x7_6810_6.1kN_52g: ok
STL half-bearing_50x65x7_6810_6.1kN_52g: ok
STEP foot_front: ok
STL foot_front: ok
STEP Component46: ok
STL Component46: ok
STEP Component47: ok
STL Component47: ok
STEP ankle_top_cover: ok
STL ankle_top_cover: ok
STEP Component44: ok
STL Component44: ok
STEP Component45: ok
STL Component45: ok
STEP cables: ok
STL cables: ok
STEP Component42: ok
STL Component42: ok
STEP Component43: ok
STL Component43: ok
STEP CNC_leg14_x2_ankle_pitch_back~2: ok
STL CNC_leg14_x2_ankle_pitch_back~2: ok
STEP CNC_leg13_x2_ankle_pitch_front~2: ok
STL CNC_leg13_x2_ankle_pitch_front~2: ok
STEP CNC_leg15_x2_RS06_shaft_bearing_retainer~2: ok
STL CNC_leg15_x2_RS06_shaft_bearing_retainer~2: ok
STEP CNC_leg16_x2_ankle_roll_output_shaft~2: ok
STL CNC_leg16_x2_ankle_roll_output_shaft~2: ok
STEP symmetric_sole~2: ok
STL symmetric_sole~2: ok
STEP CNC_leg18_x2_foot_plate~2: ok
STL CNC_leg18_x2_foot_plate~2: ok
STEP CNC_leg17_x2_ankle_roll_support_shaft~2: ok
STL CNC_leg17_x2_ankle_roll_support_shaft~2: ok
STEP CNC_leg10_x2_knee_output_shank: ok
STL CNC_leg10_x2_knee_output_shank: ok
STEP CNC_leg11_x2_knee_support_shank: ok
STL CNC_leg11_x2_knee_support_shank: ok
STEP CNC_leg12_x4_lower_leg_bearing_cap~2: ok
STL CNC_leg12_x4_lower_leg_bearing_cap~2: ok
STEP CNC_leg08_x2_knee_front_bearing_retainer~2: ok
STL CNC_leg08_x2_knee_front_bearing_retainer~2: ok
STEP CNC_leg09_x2_knee_motor_back_cover: ok
STL CNC_leg09_x2_knee_motor_back_cover: ok
STEP foot_front~2: ok
STL foot_front~2: ok
STEP Component46~2: ok
STL Component46~2: ok
STEP Component47~2: ok
STL Component47~2: ok
STEP Component44~2: ok
STL Component44~2: ok
STEP Component45~2: ok
STL Component45~2: ok
STEP Component196: ok
STL Component196: ok
STEP Component197: ok
STL Component197: ok
STEP Component194: ok
STL Component194: ok
STEP Component195: ok
STL Component195: ok
STEP Component198: ok
STL Component198: ok
STEP Component199: ok
STL Component199: ok
STEP WJ-WK00-0413-MIDDLECASE_80: ok
STL WJ-WK00-0413-MIDDLECASE_80: ok
STEP WJ-WK00-0412-TOPCABINET_74: ok
STL WJ-WK00-0412-TOPCABINET_74: ok
STEP WJ-WK00-414-BOTTOMCASE_48: ok
STL WJ-WK00-414-BOTTOMCASE_48: ok
STEP PHS_1_7X20_5_DC10_3_3: ok
STL PHS_1_7X20_5_DC10_3_3: ok
STEP OUTPUTGEAR_40: ok
STL OUTPUTGEAR_40: ok
STEP MANIFOLD_SOLID_BREP_102855: ok
STL MANIFOLD_SOLID_BREP_102855: ok
STEP MANIFOLD_SOLID_BREP_102995: ok
STL MANIFOLD_SOLID_BREP_102995: ok
STEP MANIFOLD_SOLID_BREP_103135: ok
STL MANIFOLD_SOLID_BREP_103135: ok
STEP MANIFOLD_SOLID_BREP_103275: ok
STL MANIFOLD_SOLID_BREP_103275: ok
STEP PCBA_1: ok
STL PCBA_1: ok
STEP WJ-BB00-0235_HORN_22: ok
STL WJ-BB00-0235_HORN_22: ok
STEP M2-10-6_2: ok
STL M2-10-6_2: ok
STEP M2-4LOUSI_1: ok
STL M2-4LOUSI_1: ok
STEP MF85ZZ_1: ok
STL MF85ZZ_1: ok
STEP Component9: ok
STL Component9: ok
STEP rail: ok
STL rail: ok
STEP custom_umi_gripper: ok
STL custom_umi_gripper: ok
STEP apriltag: ok
STL apriltag: ok
STEP Board: ok
STL Board: ok
STEP User_Library-0603_SMD_Capacitor: ok
STL User_Library-0603_SMD_Capacitor: ok
STEP 2_1_200: ok
STL 2_1_200: ok
STEP 1_1_20001: ok
STL 1_1_20001: ok
STEP 3_1_2_A: ok
STL 3_1_2_A: ok
STEP SOD323: ok
STL SOD323: ok
STEP dc-005-5a-20: ok
STL dc-005-5a-20: ok
STEP User_Library-DG350-3_5-02P: ok
STL User_Library-DG350-3_5-02P: ok
STEP X2564WV-03-N0SN: ok
STL X2564WV-03-N0SN: ok
STEP 2_1_2_3_4_AF0: ok
STL 2_1_2_3_4_AF0: ok
STEP 7_1_2_AF0: ok
STL 7_1_2_AF0: ok
STEP 5_1_2_3_400: ok
STL 5_1_2_3_400: ok
STEP SOLID: ok
STL SOLID: ok
STEP SOLID_1: ok
STL SOLID_1: ok
STEP SOLID_2: ok
STL SOLID_2: ok
STEP SOLID_3: ok
STL SOLID_3: ok
STEP SOLID_4: ok
STL SOLID_4: ok
STEP SOLID_5: ok
STL SOLID_5: ok
STEP SOLID_6: ok
STL SOLID_6: ok
STEP SOLID_7: ok
STL SOLID_7: ok
STEP SOLID_8: ok
STL SOLID_8: ok
STEP SOLID_9: ok
STL SOLID_9: ok
STEP SOLID_10: ok
STL SOLID_10: ok
STEP SOLID_11: ok
STL SOLID_11: ok
STEP SOLID_12: ok
STL SOLID_12: ok
STEP SOLID_13: ok
STL SOLID_13: ok
STEP SOLID_14: ok
STL SOLID_14: ok
STEP SOLID_15: ok
STL SOLID_15: ok
STEP SOLID_16: ok
STL SOLID_16: ok
STEP SOLID_17: ok
STL SOLID_17: ok
STEP SOLID_18: ok
STL SOLID_18: ok
STEP SOLID_19: ok
STL SOLID_19: ok
STEP SOLID_20: ok
STL SOLID_20: ok
STEP SOLID_21: ok
STL SOLID_21: ok
STEP User_Library-QFN-16: ok
STL User_Library-QFN-16: ok
STEP User_Library-TO-223_1_1: ok
STL User_Library-TO-223_1_1: ok
STEP User_Library-TO-223_2_1: ok
STL User_Library-TO-223_2_1: ok
STEP User_Library-TO-223_3_1: ok
STL User_Library-TO-223_3_1: ok
STEP User_Library-TO-223_4_1: ok
STL User_Library-TO-223_4_1: ok
STEP User_Library-TO-223_5_1: ok
STL User_Library-TO-223_5_1: ok
STEP User_Library-sop-8: ok
STL User_Library-sop-8: ok
STEP SOT-23: ok
STL SOT-23: ok
STEP Extruded: ok
STL Extruded: ok
STEP Extruded_1: ok
STL Extruded_1: ok
STEP Extruded_2: ok
STL Extruded_2: ok
STEP Extruded_3: ok
STL Extruded_3: ok
STEP Extruded_4: ok
STL Extruded_4: ok
STEP User_Library-LED_0603_R_Pocket002: ok
STL User_Library-LED_0603_R_Pocket002: ok
STEP User_Library-LED_0603_R_Pad004: ok
STL User_Library-LED_0603_R_Pad004: ok
STEP User_Library-LED_0603_R_Fillet: ok
STL User_Library-LED_0603_R_Fillet: ok
STEP User_Library-LED_0603_R_Pocket001: ok
STL User_Library-LED_0603_R_Pocket001: ok
STEP User_Library-LED_0603_R_Pad: ok
STL User_Library-LED_0603_R_Pad: ok
STEP CNC_arm13_x2_RS05_shaft_coupler: ok
STL CNC_arm13_x2_RS05_shaft_coupler: ok
STEP buck_converter_48_to_12: ok
STL buck_converter_48_to_12: ok
STEP apriltag_holder: ok
STL apriltag_holder: ok
STEP base: ok
STL base: ok
STEP dovetail_umi_gripper: ok
STL dovetail_umi_gripper: ok
STEP CNC_arm01_x2_shoulder_roll_front_bearing_retainer: ok
STL CNC_arm01_x2_shoulder_roll_front_bearing_retainer: ok
STEP CNC_arm02_x2_shoulder_roll_back_bearing_retainer: ok
STL CNC_arm02_x2_shoulder_roll_back_bearing_retainer: ok
STEP CNC_leg02_x7_RS03_shaft_coupler~3: ok
STL CNC_leg02_x7_RS03_shaft_coupler~3: ok
STEP SOLID-183013_1.stp: ok
STL SOLID-183013_1.stp: ok
STEP BOARD-17_1.stp: ok
STL BOARD-17_1.stp: ok
STEP 1_1_06_EB673-516_1.stp: ok
STL 1_1_06_EB673-516_1.stp: ok
STEP shaft_1_1_02_EB671-502_1.stp: ok
STL shaft_1_1_02_EB671-502_1.stp: ok
STEP 1_1_04_EB672-503_1.stp: ok
STL 1_1_04_EB672-503_1.stp: ok
STEP 1_2_05_QT-647_1.stp: ok
STL 1_2_05_QT-647_1.stp: ok
STEP 1_1_31_PL674-504_1.stp: ok
STL 1_1_31_PL674-504_1.stp: ok
STEP 1_2_04_670601_1.stp: ok
STL 1_2_04_670601_1.stp: ok
STEP 1_2_06_000392_1.stp: ok
STL 1_2_06_000392_1.stp: ok
STEP 1_2_05_QT-170_1.stp: ok
STL 1_2_05_QT-170_1.stp: ok
STEP 1_2_05_030080_1.stp: ok
STL 1_2_05_030080_1.stp: ok
STEP Component21: ok
STL Component21: ok
STEP 3DP_arm05_x4_RS02_shaft_bearing_retainer: ok
STL 3DP_arm05_x4_RS02_shaft_bearing_retainer: ok
STEP CNC_arm10_x4_r03_back_cover: ok
STL CNC_arm10_x4_r03_back_cover: ok
STEP CNC_arm04_x4_shoulder_elbow_support_shaft: ok
STL CNC_arm04_x4_shoulder_elbow_support_shaft: ok
STEP CNC_arm03_x2_shoulder_roll_output_shaft: ok
STL CNC_arm03_x2_shoulder_roll_output_shaft: ok
STEP Knurled_Insert_M3xH8: ok
STL Knurled_Insert_M3xH8: ok
STEP 3DP_arm06_x4_RS02_shaft_coupler: ok
STL 3DP_arm06_x4_RS02_shaft_coupler: ok
STEP CNC_arm07_x2_elbow_front_bearing_retainer: ok
STL CNC_arm07_x2_elbow_front_bearing_retainer: ok
STEP CNC_arm08_x2_elbow_back_bearing_retainer: ok
STL CNC_arm08_x2_elbow_back_bearing_retainer: ok
STEP CNC_arm09_x2_elbow_roll_output_shaft: ok
STL CNC_arm09_x2_elbow_roll_output_shaft: ok
STEP half-bearing_35x44x5_6707_1.6kN_15g~2: ok
STL half-bearing_35x44x5_6707_1.6kN_15g~2: ok
STEP 1_1_06_EB903-537_1_1~2: ok
STL 1_1_06_EB903-537_1_1~2: ok
STEP 1_2_04_680902_1_1~2: ok
STL 1_2_04_680902_1_1~2: ok
STEP 1_2_04_635000_1_1~2: ok
STL 1_2_04_635000_1_1~2: ok
STEP 1_3_03_000357_1_1~2: ok
STL 1_3_03_000357_1_1~2: ok
STEP 1_1_02_EB901-547_1_rotor~2: ok
STL 1_1_02_EB901-547_1_rotor~2: ok
STEP 1_2_06_000004_AF0_1_1~2: ok
STL 1_2_06_000004_AF0_1_1~2: ok
STEP 1_1_31_QT-942_1~2: ok
STL 1_1_31_QT-942_1~2: ok
STEP 1_2_05_130001_1_1~2: ok
STL 1_2_05_130001_1_1~2: ok
STEP PBC~2: ok
STL PBC~2: ok
STEP CORE~2: ok
STL CORE~2: ok
STEP 1_2_05_140095_1_1~2: ok
STL 1_2_05_140095_1_1~2: ok
STEP 1_2_05_020108_1_1~2: ok
STL 1_2_05_020108_1_1~2: ok
STEP BACK_COVER1_1_06_EB903-538_1~2: ok
STL BACK_COVER1_1_06_EB903-538_1~2: ok
STEP R06-ROTOR~2: ok
STL R06-ROTOR~2: ok
STEP 1_1_06_EB823-507_AF0_1_1_06_EB823-509_ASM_FL82BLW33-48V-35N.m_1__FL82BLW33-48V-35N.m_1_.STEP~2: ok
STL 1_1_06_EB823-507_AF0_1_1_06_EB823-509_ASM_FL82BLW33-48V-35N.m_1__FL82BLW33-48V-35N.m_1_.STEP~2: ok
STEP 1_1_31_QT-1040_FL82BLW33-48V-35N.m_1__FL82BLW33-48V-35N.m_1_.STEP~2: ok
STL 1_1_31_QT-1040_FL82BLW33-48V-35N.m_1__FL82BLW33-48V-35N.m_1_.STEP~2: ok
STEP weight~2: ok
STL weight~2: ok
STEP 1_21_121000022__SGQZC619-4_4-.stp: ok
STL 1_21_121000022__SGQZC619-4_4-.stp: ok
STEP SGQZC__35.stp: ok
STL SGQZC__35.stp: ok
STEP SOLID-17_CON_P4_11_438X3_2_HD_2.stp: ok
STL SOLID-17_CON_P4_11_438X3_2_HD_2.stp: ok
STEP SOLID-17_CON_P4_11_438X3_2_HD_3.stp: ok
STL SOLID-17_CON_P4_11_438X3_2_HD_3.stp: ok
STEP BOARD_3D_KMMV03_2024-10-21_2__2.stp: ok
STL BOARD_3D_KMMV03_2024-10-21_2__2.stp: ok
STEP 1_1_06_EB573-643.stp: ok
STL 1_1_06_EB573-643.stp: ok
STEP 1_1_04_EB572-5105.stp: ok
STL 1_1_04_EB572-5105.stp: ok
STEP 1_2_04_000306.stp: ok
STL 1_2_04_000306.stp: ok
STEP 1_1_02_EB571-960.stp: ok
STL 1_1_02_EB571-960.stp: ok
STEP 1_2_05_020068.stp: ok
STL 1_2_05_020068.stp: ok
STEP 1_1_14_PL574-570.stp: ok
STL 1_1_14_PL574-570.stp: ok
STEP 1_2_05_025121.stp: ok
STL 1_2_05_025121.stp: ok
STEP 1_2_05_000314.stp: ok
STL 1_2_05_000314.stp: ok
STEP back_lid_1_1_06_EB573-642.stp: ok
STL back_lid_1_1_06_EB573-642.stp: ok
STEP CORE~3: ok
STL CORE~3: ok
STEP OUTPUT-SHAFT.stp: ok
STL OUTPUT-SHAFT.stp: ok
STEP 3DP_arm11_x2_wrist_roll: ok
STL 3DP_arm11_x2_wrist_roll: ok
STEP 1_1_06_EB463-507_FL46BLW10-48V-5N.m-DE_2__FL46BLW10-48V-5N.m-DE: ok
STL 1_1_06_EB463-507_FL46BLW10-48V-5N.m-DE_2__FL46BLW10-48V-5N.m-DE: ok
STEP 1_1_02_EB461-502_FL46BLW10-48V-5N.m-DE_2__FL46BLW10-48V-5N.m-DE: ok
STL 1_1_02_EB461-502_FL46BLW10-48V-5N.m-DE_2__FL46BLW10-48V-5N.m-DE: ok
STEP 1_2_05_000438_FL46BLW10-48V-5N.m-DE_2__FL46BLW10-48V-5N.m-DE: ok
STL 1_2_05_000438_FL46BLW10-48V-5N.m-DE_2__FL46BLW10-48V-5N.m-DE: ok
STEP 1_2_16_001425_FL46BLW10-48V-5N.m-DE_2__FL46BLW10-48V-5N.m-DE: ok
STL 1_2_16_001425_FL46BLW10-48V-5N.m-DE_2__FL46BLW10-48V-5N.m-DE: ok
STEP 1_1_06_EB463-509_FL46BLW10-48V-5N.m-DE_2__FL46BLW10-48V-5N.m-DE: ok
STL 1_1_06_EB463-509_FL46BLW10-48V-5N.m-DE_2__FL46BLW10-48V-5N.m-DE: ok
STEP 1_2_05_020051_FL46BLW10-48V-5N.m-DE_2__FL46BLW10-48V-5N.m-DE: ok
STL 1_2_05_020051_FL46BLW10-48V-5N.m-DE_2__FL46BLW10-48V-5N.m-DE: ok
STEP 1_2_05_000608_FL46BLW10-48V-5N.m-DE_2__FL46BLW10-48V-5N.m-DE: ok
STL 1_2_05_000608_FL46BLW10-48V-5N.m-DE_2__FL46BLW10-48V-5N.m-DE: ok
STEP 1_1_31_EB463-510_FL46BLW10-48V-5N.m-DE_2__FL46BLW10-48V-5N.m-DE: ok
STL 1_1_31_EB463-510_FL46BLW10-48V-5N.m-DE_2__FL46BLW10-48V-5N.m-DE: ok
STEP 1_2_05_000555_FL46BLW10-48V-5N.m-DE_2__FL46BLW10-48V-5N.m-DE: ok
STL 1_2_05_000555_FL46BLW10-48V-5N.m-DE_2__FL46BLW10-48V-5N.m-DE: ok
STEP 1_21_121000022__610001_1_1_00MINI-000_ASM_1_ASM_1_ASM_00MINI-_20250103_A0001_ASM_1_AS_ASM_1_1_30_GR-2202_ASM_1_ASM_1_1_30_GR-2202_ASM_FL46BLW10-48V-5N.m-DE_2__FL46BLW10-48V-5N.m-DE: ok
STL 1_21_121000022__610001_1_1_00MINI-000_ASM_1_ASM_1_ASM_00MINI-_20250103_A0001_ASM_1_AS_ASM_1_1_30_GR-2202_ASM_1_ASM_1_1_30_GR-2202_ASM_FL46BLW10-48V-5N.m-DE_2__FL46BLW10-48V-5N.m-DE: EXCEPTION FileNotFoundError: [Errno 2] No such file or directory: 'D:/Duke_Humanoid_V2_OpenSource/cad\\humanoid_2.1_latest_2026-09-19_1646\\print\\1_21_121000022__610001_1_1_00MINI-000_ASM_1_ASM_1_ASM_00MINI-_20250103_A0001_ASM_1_AS_ASM_1_1_30_GR-2202_ASM_1_ASM_1_1_30_GR-2202_ASM_FL46BLW10-48V-5N.m-DE_2__FL46BLW10-48V-5N.m-DE.stl'
STEP 0001755650_00MINI-000_ASM_1_ASM_1_ASM_00MINI-_20250103_A0001_ASM_1_AS_ASM_1_1_30_GR-2202_ASM_1_ASM_1_1_30_GR-2202_ASM_FL46BLW10-48V-5N.m-DE_2__FL46BLW10-48V-5N.m-DE: ok
STL 0001755650_00MINI-000_ASM_1_ASM_1_ASM_00MINI-_20250103_A0001_ASM_1_AS_ASM_1_1_30_GR-2202_ASM_1_ASM_1_1_30_GR-2202_ASM_FL46BLW10-48V-5N.m-DE_2__FL46BLW10-48V-5N.m-DE: ok
STEP 0001755652_00MINI-000_ASM_1_ASM_1_ASM_00MINI-_20250103_A0001_ASM_1_AS_ASM_1_1_30_GR-2202_ASM_1_ASM_1_1_30_GR-2202_ASM_FL46BLW10-48V-5N.m-DE_2__FL46BLW10-48V-5N.m-DE: ok
STL 0001755652_00MINI-000_ASM_1_ASM_1_ASM_00MINI-_20250103_A0001_ASM_1_AS_ASM_1_1_30_GR-2202_ASM_1_ASM_1_1_30_GR-2202_ASM_FL46BLW10-48V-5N.m-DE_2__FL46BLW10-48V-5N.m-DE: ok
STEP 6706__300001_1_1_00MINI-000_ASM_1_ASM_1_ASM_00MINI-_20250103_A0001_ASM_1_AS_ASM_1_1_30_GR-2202_ASM_1_ASM_1_1_30_GR-2202_ASM_FL46BLW10-48V-5N.m-DE_2__FL46BLW10-48V-5N.m-DE: ok
STL 6706__300001_1_1_00MINI-000_ASM_1_ASM_1_ASM_00MINI-_20250103_A0001_ASM_1_AS_ASM_1_1_30_GR-2202_ASM_1_ASM_1_1_30_GR-2202_ASM_FL46BLW10-48V-5N.m-DE_2__FL46BLW10-48V-5N.m-DE: ok
STEP 0001755652_1_1_30_GR-2202_ASM_1_ASM_1_1_30_GR-2202_ASM_FL46BLW10-48V-5N.m-DE_2__FL46BLW10-48V-5N.m-DE: ok
STL 0001755652_1_1_30_GR-2202_ASM_1_ASM_1_1_30_GR-2202_ASM_FL46BLW10-48V-5N.m-DE_2__FL46BLW10-48V-5N.m-DE: ok
STEP Component20: ok
STL Component20: ok
STEP half-bearing_30x37x4_6706_0.9kN_8g: ok
STL half-bearing_30x37x4_6706_0.9kN_8g: ok
STEP Component5: ok
STL Component5: ok
STEP v15_right_end_effector_attachment: ok
STL v15_right_end_effector_attachment: ok
STEP Component34~2: ok
STL Component34~2: ok
STEP Component35~2: ok
STL Component35~2: ok
STEP Component36~2: ok
STL Component36~2: ok
STEP Component37~2: ok
STL Component37~2: ok
STEP shoulder_yaw_protection: ok
STL shoulder_yaw_protection: ok
STEP Component38: ok
STL Component38: ok
STEP Component39: ok
STL Component39: ok
STEP Component40: ok
STL Component40: ok
STEP Component41: ok
STL Component41: ok
STEP Component42~2: ok
STL Component42~2: ok
STEP Component43~2: ok
STL Component43~2: ok
STEP CNC_arm01_x2_shoulder_roll_front_bearing_retainer~2: ok
STL CNC_arm01_x2_shoulder_roll_front_bearing_retainer~2: ok
STEP CNC_arm02_x2_shoulder_roll_back_bearing_retainer~2: ok
STL CNC_arm02_x2_shoulder_roll_back_bearing_retainer~2: ok
STEP SOLID-183013_1.stp~2: ok
STL SOLID-183013_1.stp~2: ok
STEP BOARD-17_1.stp~2: ok
STL BOARD-17_1.stp~2: ok
STEP 1_1_06_EB673-516_1.stp~2: ok
STL 1_1_06_EB673-516_1.stp~2: ok
STEP shaft_1_1_02_EB671-502_1.stp~2: ok
STL shaft_1_1_02_EB671-502_1.stp~2: ok
STEP 1_1_04_EB672-503_1.stp~2: ok
STL 1_1_04_EB672-503_1.stp~2: ok
STEP 1_2_05_QT-647_1.stp~2: ok
STL 1_2_05_QT-647_1.stp~2: ok
STEP 1_1_31_PL674-504_1.stp~2: ok
STL 1_1_31_PL674-504_1.stp~2: ok
STEP 1_2_04_670601_1.stp~2: ok
STL 1_2_04_670601_1.stp~2: ok
STEP 1_2_06_000392_1.stp~2: ok
STL 1_2_06_000392_1.stp~2: ok
STEP 1_2_05_QT-170_1.stp~2: ok
STL 1_2_05_QT-170_1.stp~2: ok
STEP 1_2_05_030080_1.stp~2: ok
STL 1_2_05_030080_1.stp~2: ok
STEP Component21~2: ok
STL Component21~2: ok
STEP 3DP_arm05_x4_RS02_shaft_bearing_retainer~2: ok
STL 3DP_arm05_x4_RS02_shaft_bearing_retainer~2: ok
STEP CNC_arm10_x4_r03_back_cover~2: ok
STL CNC_arm10_x4_r03_back_cover~2: ok
STEP CNC_arm04_x4_shoulder_elbow_support_shaft~2: ok
STL CNC_arm04_x4_shoulder_elbow_support_shaft~2: ok
STEP CNC_arm03_x2_shoulder_roll_output_shaft~2: ok
STL CNC_arm03_x2_shoulder_roll_output_shaft~2: ok
STEP Knurled_Insert_M3xH8~2: ok
STL Knurled_Insert_M3xH8~2: ok
STEP 3DP_arm06_x4_RS02_shaft_coupler~2: ok
STL 3DP_arm06_x4_RS02_shaft_coupler~2: ok
STEP CNC_arm07_x2_elbow_front_bearing_retainer~2: ok
STL CNC_arm07_x2_elbow_front_bearing_retainer~2: ok
STEP CNC_arm08_x2_elbow_back_bearing_retainer~2: ok
STL CNC_arm08_x2_elbow_back_bearing_retainer~2: ok
STEP CNC_arm09_x2_elbow_roll_output_shaft~2: ok
STL CNC_arm09_x2_elbow_roll_output_shaft~2: ok
STEP 3DP_arm11_x2_wrist_roll~2: ok
STL 3DP_arm11_x2_wrist_roll~2: ok
STEP Component34~3: ok
STL Component34~3: ok
STEP Component35~3: ok
STL Component35~3: ok
STEP Component36~3: ok
STL Component36~3: ok
STEP Component37~3: ok
STL Component37~3: ok
STEP shoulder_yaw_protection~2: ok
STL shoulder_yaw_protection~2: ok
STEP Component38~2: ok
STL Component38~2: ok
STEP Component39~2: ok
STL Component39~2: ok
STEP Component40~2: ok
STL Component40~2: ok
STEP Component41~2: ok
STL Component41~2: ok
STEP Component42~3: ok
STL Component42~3: ok
STEP Component43~3: ok
STL Component43~3: ok
